[1/3] Building CXX object CMakeFiles/cockscreen_core.dir/src/runtime/shadervideo/Lifecycle.cpp.o
In file included from /home/atom/devel/cockscreen/include/cockscreen/runtime/ShaderVideoWindow.hpp:40,
                 from /home/atom/devel/cockscreen/src/runtime/shadervideo/Lifecycle.cpp:1:
/home/atom/devel/cockscreen/out/build/local-x86_64-debug/_deps/pffft-src/include/pffft/pffft.hpp: In instantiation of ‘void pffft::PFAlloc<T>::deallocate(pointer, size_type) [with T = float; pointer = float*; size_type = long unsigned int]’:
/usr/include/c++/15/bits/alloc_traits.h:417:23:   required from ‘static constexpr void std::allocator_traits< <template-parameter-1-1> >::deallocate(_Alloc&, pointer, size_type) [with _Alloc = pffft::PFAlloc<float>; pointer = float*; size_type = long unsigned int]’
  417 |       { __a.deallocate(__p, __n); }
      |         ~~~~~~~~~~~~~~^~~~~~~~~~
/usr/include/c++/15/bits/stl_vector.h:396:19:   required from ‘constexpr void std::_Vector_base<_Tp, _Alloc>::_M_deallocate(pointer, std::size_t) [with _Tp = float; _Alloc = pffft::PFAlloc<float>; pointer = float*; std::size_t = long unsigned int]’
  396 |           _Tr::deallocate(_M_impl, __p, __n);
      |           ~~~~~~~~~~~~~~~^~~~~~~~~~~~~~~~~~~
/usr/include/c++/15/bits/stl_vector.h:375:2:   required from ‘constexpr std::_Vector_base<_Tp, _Alloc>::~_Vector_base() [with _Tp = float; _Alloc = pffft::PFAlloc<float>]’
  375 |         _M_deallocate(_M_impl._M_start,
      |         ^~~~~~~~~~~~~
/usr/include/c++/15/bits/stl_vector.h:805:7:   required from ‘constexpr std::vector<_Tp, _Alloc>::~vector() [with _Tp = float; _Alloc = pffft::PFAlloc<float>]’
  805 |       }
      |       ^
/home/atom/devel/cockscreen/include/cockscreen/runtime/ShaderVideoWindow.hpp:294:90:   required from here
  294 |     pffft::AlignedVector<float> audio_playback_fft_input_{audio_playback_fft_.valueVector()};
      |                                                           ~~~~~~~~~~~~~~~~~~~~~~~~~~~~~~~^~
/home/atom/devel/cockscreen/out/build/local-x86_64-debug/_deps/pffft-src/include/pffft/pffft.hpp:1040:43: warning: unused parameter ‘num’ [-Wunused-parameter]
 1040 |     void deallocate (pointer p, size_type num) {
      |                                 ~~~~~~~~~~^~~
/home/atom/devel/cockscreen/out/build/local-x86_64-debug/_deps/pffft-src/include/pffft/pffft.hpp: In instantiation of ‘void pffft::PFAlloc<T>::deallocate(pointer, size_type) [with T = std::complex<float>; pointer = std::complex<float>*; size_type = long unsigned int]’:
/usr/include/c++/15/bits/alloc_traits.h:417:23:   required from ‘static constexpr void std::allocator_traits< <template-parameter-1-1> >::deallocate(_Alloc&, pointer, size_type) [with _Alloc = pffft::PFAlloc<std::complex<float> >; pointer = std::complex<float>*; size_type = long unsigned int]’
  417 |       { __a.deallocate(__p, __n); }
      |         ~~~~~~~~~~~~~~^~~~~~~~~~
/usr/include/c++/15/bits/stl_vector.h:396:19:   required from ‘constexpr void std::_Vector_base<_Tp, _Alloc>::_M_deallocate(pointer, std::size_t) [with _Tp = std::complex<float>; _Alloc = pffft::PFAlloc<std::complex<float> >; pointer = std::complex<float>*; std::size_t = long unsigned int]’
  396 |           _Tr::deallocate(_M_impl, __p, __n);
      |           ~~~~~~~~~~~~~~~^~~~~~~~~~~~~~~~~~~
/usr/include/c++/15/bits/stl_vector.h:375:2:   required from ‘constexpr std::_Vector_base<_Tp, _Alloc>::~_Vector_base() [with _Tp = std::complex<float>; _Alloc = pffft::PFAlloc<std::complex<float> >]’
  375 |         _M_deallocate(_M_impl._M_start,
      |         ^~~~~~~~~~~~~
/usr/include/c++/15/bits/stl_vector.h:805:7:   required from ‘constexpr std::vector<_Tp, _Alloc>::~vector() [with _Tp = std::complex<float>; _Alloc = pffft::PFAlloc<std::complex<float> >]’
  805 |       }
      |       ^
/home/atom/devel/cockscreen/include/cockscreen/runtime/ShaderVideoWindow.hpp:295:110:   required from here
  295 |     pffft::AlignedVector<std::complex<float>> audio_playback_fft_spectrum_{audio_playback_fft_.spectrumVector()};
      |                                                                            ~~~~~~~~~~~~~~~~~~~~~~~~~~~~~~~~~~^~
/home/atom/devel/cockscreen/out/build/local-x86_64-debug/_deps/pffft-src/include/pffft/pffft.hpp:1040:43: warning: unused parameter ‘num’ [-Wunused-parameter]
 1040 |     void deallocate (pointer p, size_type num) {
      |                                 ~~~~~~~~~~^~~
[2/3] Linking CXX static library libcockscreen_core.a
[3/3] Linking CXX executable cockscreen
